Return	true
Dump	$["CONSOLE_SHUTDOWN":"reboot", "CRACKLIB_DICT_PATH":"/usr/lib/cracklib_dict", "CWD_IN_ROOT_PATH":"r2", "CWD_IN_USER_PATH":"r2s", "DISABLE_RESTART_ON_UPDATE":"r13", "DISABLE_STOP_ON_REMOVAL":"r14", "DISPLAYMANAGER_REMOTE_ACCESS":"r4", "DISPLAYMANAGER_ROOT_LOGIN_REMOTE":"r16", "DISPLAYMANAGER_SHUTDOWN":"r3", "DISPLAYMANAGER_XSERVER_TCP_PORT_6000_OPEN":"r17", "FAIL_DELAY":"l2", "GID_MAX":"l3", "GID_MIN":"l4", "GROUP_ENCRYPTION":"md5", "HIBERNATE_SYSTEM":"active_console", "LASTLOG_ENAB":"l5", "PASSWD_ENCRYPTION":"sha512", "PASSWD_REMEMBER_HISTORY":"0", "PASSWD_USE_CRACKLIB":"yes", "PASS_MAX_DAYS":"l7", "PASS_MIN_DAYS":"l9", "PASS_MIN_LEN":"l10", "PASS_WARN_AGE":"l11", "PERMISSION_SECURITY":"r5", "RUNLEVEL3_EXTRA_SERVICES":"no", "RUNLEVEL3_MANDATORY_SERVICES":"yes", "RUNLEVEL5_EXTRA_SERVICES":"no", "RUNLEVEL5_MANDATORY_SERVICES":"yes", "RUN_UPDATEDB_AS":"r7", "SMTPD_LISTEN_REMOTE":"no", "SYSLOG_ON_NO_ERROR":"yes", "SYSTOHC":"yes", "SYS_GID_MAX":"l16", "SYS_GID_MIN":"l17", "SYS_UID_MAX":"l14", "SYS_UID_MIN":"l15", "UID_MAX":"l12", "UID_MIN":"l13", "USERADD_CMD":"l18", "USERDEL_POSTCMD":"l20", "USERDEL_PRECMD":"l19", "kernel.sysrq":"1", "net.ipv4.ip_forward":"0", "net.ipv4.tcp_syncookies":"1", "net.ipv6.conf.all.forwarding":"1"]
Dump	l15
Dump	l14
Dump	l17
Dump	l16
