Read	.etc.login_defs.FAIL_DELAY nil
Write	.etc.login_defs.FAIL_DELAY "3" true
Read	.etc.login_defs.GID_MAX nil
Write	.etc.login_defs.GID_MAX "60000" true
Read	.etc.login_defs.GID_MIN nil
Write	.etc.login_defs.GID_MIN "1000" true
Read	.etc.login_defs.PASS_MAX_DAYS nil
Write	.etc.login_defs.PASS_MAX_DAYS "99999" true
Read	.etc.login_defs.PASS_MIN_DAYS nil
Write	.etc.login_defs.PASS_MIN_DAYS "1" true
Read	.etc.login_defs.PASS_WARN_AGE nil
Write	.etc.login_defs.PASS_WARN_AGE "14" true
Read	.etc.login_defs.UID_MAX nil
Write	.etc.login_defs.UID_MAX "60000" true
Read	.etc.login_defs.UID_MIN nil
Write	.etc.login_defs.UID_MIN "1000" true
Read	.etc.login_defs.SYS_UID_MAX nil
Write	.etc.login_defs.SYS_UID_MAX "499" true
Read	.etc.login_defs.SYS_UID_MIN nil
Write	.etc.login_defs.SYS_UID_MIN "100" true
Read	.etc.login_defs.SYS_GID_MAX nil
Write	.etc.login_defs.SYS_GID_MAX "499" true
Read	.etc.login_defs.SYS_GID_MIN nil
Write	.etc.login_defs.SYS_GID_MIN "100" true
Read	.etc.login_defs.USERADD_CMD nil
Write	.etc.login_defs.USERADD_CMD "/usr/sbin/useradd.local" true
Read	.etc.login_defs.USERDEL_PRECMD nil
Write	.etc.login_defs.USERDEL_PRECMD "/usr/sbin/userdel-pre.local" true
Read	.etc.login_defs.USERDEL_POSTCMD nil
Write	.etc.login_defs.USERDEL_POSTCMD "/usr/sbin/userdel-post.local" true
Read	.sysconfig.clock.SYSTOHC nil
Write	.sysconfig.clock.SYSTOHC "yes" true
Read	.sysconfig.cron.SYSLOG_ON_NO_ERROR nil
Write	.sysconfig.cron.SYSLOG_ON_NO_ERROR "yes" true
Read	.sysconfig.displaymanager.DISPLAYMANAGER_REMOTE_ACCESS nil
Write	.sysconfig.displaymanager.DISPLAYMANAGER_REMOTE_ACCESS "no" true
Read	.sysconfig.displaymanager.DISPLAYMANAGER_ROOT_LOGIN_REMOTE nil
Write	.sysconfig.displaymanager.DISPLAYMANAGER_ROOT_LOGIN_REMOTE "no" true
Read	.sysconfig.displaymanager.DISPLAYMANAGER_XSERVER_TCP_PORT_6000_OPEN nil
Write	.sysconfig.displaymanager.DISPLAYMANAGER_XSERVER_TCP_PORT_6000_OPEN "no" true
Read	.sysconfig.displaymanager.DISPLAYMANAGER_SHUTDOWN nil
Write	.sysconfig.displaymanager.DISPLAYMANAGER_SHUTDOWN "root" true
Read	.sysconfig.locate.RUN_UPDATEDB_AS nil
Write	.sysconfig.locate.RUN_UPDATEDB_AS "nobody" true
Read	.sysconfig.mail.SMTPD_LISTEN_REMOTE nil
Write	.sysconfig.mail.SMTPD_LISTEN_REMOTE "no" true
Read	.sysconfig.security.PERMISSION_SECURITY nil
Write	.sysconfig.security.PERMISSION_SECURITY "secure local" true
Read	.sysconfig.services.DISABLE_RESTART_ON_UPDATE nil
Write	.sysconfig.services.DISABLE_RESTART_ON_UPDATE "no" true
Read	.sysconfig.services.DISABLE_STOP_ON_REMOVAL nil
Write	.sysconfig.services.DISABLE_STOP_ON_REMOVAL "no" true
Read	.sysconfig.suseconfig.CWD_IN_ROOT_PATH nil
Write	.sysconfig.suseconfig.CWD_IN_ROOT_PATH "no" true
Read	.sysconfig.suseconfig.CWD_IN_USER_PATH nil
Write	.sysconfig.suseconfig.CWD_IN_USER_PATH "no" true
Write	.etc.login_defs nil true
Write	.sysconfig.clock nil true
Write	.sysconfig.cron nil true
Write	.sysconfig.displaymanager nil true
Write	.sysconfig.locate nil true
Write	.sysconfig.mail nil true
Write	.sysconfig.security nil true
Write	.sysconfig.services nil true
Write	.sysconfig.suseconfig nil true
Execute	.target.bash "ln -s -f /dev/null /etc/systemd/system/ctrl-alt-del.target" 0
Execute	.target.bash_output "/usr/sbin/pam-config -a --cracklib" $[]
Execute	.target.bash_output "/usr/sbin/pam-config -a --cracklib" $[]
Execute	.target.bash_output "/usr/sbin/pam-config -a --cracklib-minlen=6" $[]
Execute	.target.bash_output "/usr/sbin/pam-config -d --pwhistory-remember" $[]
Read	.etc.sysctl_conf."kernel.sysrq" nil
Write	.etc.sysctl_conf."kernel.sysrq" "0" true
Read	.etc.sysctl_conf."net.ipv4.ip_forward" nil
Write	.etc.sysctl_conf."net.ipv4.ip_forward" "0" true
Read	.etc.sysctl_conf."net.ipv4.tcp_syncookies" nil
Write	.etc.sysctl_conf."net.ipv4.tcp_syncookies" "1" true
Read	.etc.sysctl_conf."net.ipv6.conf.all.forwarding" nil
Write	.etc.sysctl_conf."net.ipv6.conf.all.forwarding" "0" true
Execute	.target.bash "echo 0 > /proc/sys/kernel/sysrq" 0
Execute	.target.bash "/usr/bin/chkstat --system" 0
Execute	.target.bash "/sbin/set_polkit_default_privs" 0
Return	true
